 PROJETO  :    2     Fundação                                            PAG.:        1
 ESTRUTURA:    2     Luana e Vitor                                       DATA: 12/ 6/021
 T Q S  INFORMATICA LTDA                         MIX - VERSAO 9.03       HORA:    13:23
====================================================================================================================================
 
                                Modulo Grelha/Placa  MIX-TQS  -  Regiao de Interesse:  0
--------------------------REACOES NOS APOIOS (Tf m) NC. 1   Todas permanentes e acidentais dos pavim--------------------------------
  no        MX        MY        FZ               no        MX        MY        FZ               no        MX        MY        FZ
   1      0.00      0.00      0.00               11      0.00      0.00      0.00               20      0.00      0.00      0.00
   2      0.00      0.00      0.00               12      0.00      0.00      0.00               21      0.00      0.00      0.00
   3      0.00      0.00      0.00               13      0.00      0.00      0.00rot=180.00     22      0.00      0.00      0.00
   4      0.00      0.00      0.00rot=180.00     14      0.00      0.00      0.00               23      0.00      0.00      0.00
   5      0.00      0.00      0.00rot=270.00     15      0.00      0.00      0.00               24      0.00      0.00      0.00
   6      0.00      0.00      0.00               16      0.00      0.00      0.00               25      0.00      0.00      0.00rot=180.00   
   7      0.00      0.00      0.00               17      0.00      0.00      0.00               26      0.00      0.00      0.00
   8      0.00      0.00      0.00               18      0.00      0.00      0.00               27      0.00      0.00      0.00
   9      0.00      0.00      0.00rot= 90.00     19      0.00      0.00      0.00               28      0.00      0.00      0.00rot=180.00   
  10      0.00      0.00      0.00rot=180.00   

 SOMA REACOES      MX=        0.00 MY=        0.00 FZ=        0.00
 SOMA C. EXTERNAS FZ=        0.00
--------------------------REACOES NOS APOIOS (Tf m) NC. 2   Peso Próprio------------------------------------------------------------
  no        MX        MY        FZ               no        MX        MY        FZ               no        MX        MY        FZ
   1      0.00      0.00      0.00               11      0.00      0.00      0.00               20      0.00      0.00      0.00
   2      0.00      0.00      0.00               12      0.00      0.00      0.00               21      0.00      0.00      0.00
   3      0.00      0.00      0.00               13      0.00      0.00      0.00rot=180.00     22      0.00      0.00      0.00
   4      0.00      0.00      0.00rot=180.00     14      0.00      0.00      0.00               23      0.00      0.00      0.00
   5      0.00      0.00      0.00rot=270.00     15      0.00      0.00      0.00               24      0.00      0.00      0.00
   6      0.00      0.00      0.00               16      0.00      0.00      0.00               25      0.00      0.00      0.00rot=180.00   
   7      0.00      0.00      0.00               17      0.00      0.00      0.00               26      0.00      0.00      0.00
   8      0.00      0.00      0.00               18      0.00      0.00      0.00               27      0.00      0.00      0.00
   9      0.00      0.00      0.00rot= 90.00     19      0.00      0.00      0.00               28      0.00      0.00      0.00rot=180.00   
  10      0.00      0.00      0.00rot=180.00   

 SOMA REACOES      MX=        0.00 MY=        0.00 FZ=        0.00
 SOMA C. EXTERNAS FZ=        0.00
--------------------------REACOES NOS APOIOS (Tf m) NC. 3   Cargas permanentes------------------------------------------------------
  no        MX        MY        FZ               no        MX        MY        FZ               no        MX        MY        FZ
   1      0.00      0.00      0.00               11      0.00      0.00      0.00               20      0.00      0.00      0.00
   2      0.00      0.00      0.00               12      0.00      0.00      0.00               21      0.00      0.00      0.00
   3      0.00      0.00      0.00               13      0.00      0.00      0.00rot=180.00     22      0.00      0.00      0.00
   4      0.00      0.00      0.00rot=180.00     14      0.00      0.00      0.00               23      0.00      0.00      0.00
   5      0.00      0.00      0.00rot=270.00     15      0.00      0.00      0.00               24      0.00      0.00      0.00
   6      0.00      0.00      0.00               16      0.00      0.00      0.00               25      0.00      0.00      0.00rot=180.00   
   7      0.00      0.00      0.00               17      0.00      0.00      0.00               26      0.00      0.00      0.00
   8      0.00      0.00      0.00               18      0.00      0.00      0.00               27      0.00      0.00      0.00
   9      0.00      0.00      0.00rot= 90.00     19      0.00      0.00      0.00               28      0.00      0.00      0.00rot=180.00   
  10      0.00      0.00      0.00rot=180.00   

 SOMA REACOES      MX=        0.00 MY=        0.00 FZ=        0.00
 SOMA C. EXTERNAS FZ=        0.00
--------------------------REACOES NOS APOIOS (Tf m) NC. 4   Cargas acidentais-------------------------------------------------------
  no        MX        MY        FZ               no        MX        MY        FZ               no        MX        MY        FZ
   1      0.00      0.00      0.00               10      0.00      0.00      0.00rot=180.00     19      0.00      0.00      0.00
   2      0.00      0.00      0.00               11      0.00      0.00      0.00               20      0.00      0.00      0.00
   3      0.00      0.00      0.00               12      0.00      0.00      0.00               21      0.00      0.00      0.00
   4      0.00      0.00      0.00rot=180.00     13      0.00      0.00      0.00rot=180.00     22      0.00      0.00      0.00
   5      0.00      0.00      0.00rot=270.00     14      0.00      0.00      0.00               23      0.00      0.00      0.00
   6      0.00      0.00      0.00               15      0.00      0.00      0.00               24      0.00      0.00      0.00
   7      0.00      0.00      0.00               16      0.00      0.00      0.00               25      0.00      0.00      0.00rot=180.00   
   8      0.00      0.00      0.00               17      0.00      0.00      0.00               26      0.00      0.00      0.00
   9      0.00      0.00      0.00rot= 90.00     18      0.00      0.00      0.00               27      0.00      0.00      0.00
------------------------------------------------------------------------------------------------------------------------------------

 PROJETO  :    2     Fundação                                            PAG.:        2
 ESTRUTURA:    2     Luana e Vitor                                       DATA: 12/ 6/021
 T Q S  INFORMATICA LTDA                         MIX - VERSAO 9.03       HORA:    13:23
====================================================================================================================================
 
--------------------------REACOES NOS APOIOS (Tf m) NC. 4   Cargas acidentais-------------------------------------------------------
  no        MX        MY        FZ               no        MX        MY        FZ               no        MX        MY        FZ
  28      0.00      0.00      0.00rot=180.00   

 SOMA REACOES      MX=        0.00 MY=        0.00 FZ=        0.00
 SOMA C. EXTERNAS FZ=        0.00
--------------------------REACOES NOS APOIOS (Tf m) CB. 1   ELU/PERMAN/PP+PERM -----------------------------------------------------
  no        MX        MY        FZ               no        MX        MY        FZ               no        MX        MY        FZ
   1      0.00      0.00      0.00              11      0.00      0.00      0.00              20      0.00      0.00      0.00
   2      0.00      0.00      0.00              12      0.00      0.00      0.00              21      0.00      0.00      0.00
   3      0.00      0.00      0.00              13      0.00      0.00      0.00              22      0.00      0.00      0.00
   4      0.00      0.00      0.00              14      0.00      0.00      0.00              23      0.00      0.00      0.00
   5      0.00      0.00      0.00              15      0.00      0.00      0.00              24      0.00      0.00      0.00
   6      0.00      0.00      0.00              16      0.00      0.00      0.00              25      0.00      0.00      0.00
   7      0.00      0.00      0.00              17      0.00      0.00      0.00              26      0.00      0.00      0.00
   8      0.00      0.00      0.00              18      0.00      0.00      0.00              27      0.00      0.00      0.00
   9      0.00      0.00      0.00              19      0.00      0.00      0.00              28      0.00      0.00      0.00
  10      0.00      0.00      0.00            
--------------------------REACOES NOS APOIOS (Tf m) CB. 2   ELU/PERMACID/PP+PERM+ACID ----------------------------------------------
  no        MX        MY        FZ               no        MX        MY        FZ               no        MX        MY        FZ
   1      0.00      0.00      0.00              11      0.00      0.00      0.00              20      0.00      0.00      0.00
   2      0.00      0.00      0.00              12      0.00      0.00      0.00              21      0.00      0.00      0.00
   3      0.00      0.00      0.00              13      0.00      0.00      0.00              22      0.00      0.00      0.00
   4      0.00      0.00      0.00              14      0.00      0.00      0.00              23      0.00      0.00      0.00
   5      0.00      0.00      0.00              15      0.00      0.00      0.00              24      0.00      0.00      0.00
   6      0.00      0.00      0.00              16      0.00      0.00      0.00              25      0.00      0.00      0.00
   7      0.00      0.00      0.00              17      0.00      0.00      0.00              26      0.00      0.00      0.00
   8      0.00      0.00      0.00              18      0.00      0.00      0.00              27      0.00      0.00      0.00
   9      0.00      0.00      0.00              19      0.00      0.00      0.00              28      0.00      0.00      0.00
  10      0.00      0.00      0.00            
--------------------------REACOES NOS APOIOS (Tf m) CB. 3   FOGO/PERMVAR/PP+PERM+0.6ACID -------------------------------------------
  no        MX        MY        FZ               no        MX        MY        FZ               no        MX        MY        FZ
   1      0.00      0.00      0.00              11      0.00      0.00      0.00              20      0.00      0.00      0.00
   2      0.00      0.00      0.00              12      0.00      0.00      0.00              21      0.00      0.00      0.00
   3      0.00      0.00      0.00              13      0.00      0.00      0.00              22      0.00      0.00      0.00
   4      0.00      0.00      0.00              14      0.00      0.00      0.00              23      0.00      0.00      0.00
   5      0.00      0.00      0.00              15      0.00      0.00      0.00              24      0.00      0.00      0.00
   6      0.00      0.00      0.00              16      0.00      0.00      0.00              25      0.00      0.00      0.00
   7      0.00      0.00      0.00              17      0.00      0.00      0.00              26      0.00      0.00      0.00
   8      0.00      0.00      0.00              18      0.00      0.00      0.00              27      0.00      0.00      0.00
   9      0.00      0.00      0.00              19      0.00      0.00      0.00              28      0.00      0.00      0.00
  10      0.00      0.00      0.00            
--------------------------REACOES NOS APOIOS (Tf m) CB. 4   ELS/CFREQ/PP+PERM+0.7ACID ----------------------------------------------
  no        MX        MY        FZ               no        MX        MY        FZ               no        MX        MY        FZ
   1      0.00      0.00      0.00              11      0.00      0.00      0.00              20      0.00      0.00      0.00
   2      0.00      0.00      0.00              12      0.00      0.00      0.00              21      0.00      0.00      0.00
   3      0.00      0.00      0.00              13      0.00      0.00      0.00              22      0.00      0.00      0.00
   4      0.00      0.00      0.00              14      0.00      0.00      0.00              23      0.00      0.00      0.00
   5      0.00      0.00      0.00              15      0.00      0.00      0.00              24      0.00      0.00      0.00
   6      0.00      0.00      0.00              16      0.00      0.00      0.00              25      0.00      0.00      0.00
   7      0.00      0.00      0.00              17      0.00      0.00      0.00              26      0.00      0.00      0.00
   8      0.00      0.00      0.00              18      0.00      0.00      0.00              27      0.00      0.00      0.00
   9      0.00      0.00      0.00              19      0.00      0.00      0.00              28      0.00      0.00      0.00
  10      0.00      0.00      0.00            



------------------------------------------------------------------------------------------------------------------------------------

 PROJETO  :    2     Fundação                                            PAG.:        3
 ESTRUTURA:    2     Luana e Vitor                                       DATA: 12/ 6/021
 T Q S  INFORMATICA LTDA                         MIX - VERSAO 9.03       HORA:    13:23
====================================================================================================================================
 
--------------------------REACOES NOS APOIOS (Tf m) CB. 5   ELS/CQPERM/PP+PERM+0.6ACID ---------------------------------------------
  no        MX        MY        FZ               no        MX        MY        FZ               no        MX        MY        FZ
   1      0.00      0.00      0.00              11      0.00      0.00      0.00              20      0.00      0.00      0.00
   2      0.00      0.00      0.00              12      0.00      0.00      0.00              21      0.00      0.00      0.00
   3      0.00      0.00      0.00              13      0.00      0.00      0.00              22      0.00      0.00      0.00
   4      0.00      0.00      0.00              14      0.00      0.00      0.00              23      0.00      0.00      0.00
   5      0.00      0.00      0.00              15      0.00      0.00      0.00              24      0.00      0.00      0.00
   6      0.00      0.00      0.00              16      0.00      0.00      0.00              25      0.00      0.00      0.00
   7      0.00      0.00      0.00              17      0.00      0.00      0.00              26      0.00      0.00      0.00
   8      0.00      0.00      0.00              18      0.00      0.00      0.00              27      0.00      0.00      0.00
   9      0.00      0.00      0.00              19      0.00      0.00      0.00              28      0.00      0.00      0.00
  10      0.00      0.00      0.00            













































------------------------------------------------------------------------------------------------------------------------------------

