 PROJETO  :    7     COBCXDAGUA                                          PAG.:        1
 ESTRUTURA:    7     Luana e Vitor                                       DATA: 12/ 6/021
 T Q S  INFORMATICA LTDA                         MIX - VERSAO 9.03       HORA:    13:23
====================================================================================================================================
 
                                Modulo Grelha/Placa  MIX-TQS  -  Regiao de Interesse:  0
--------------------------REACOES NOS APOIOS (Tf m) NC. 1   Todas permanentes e acidentais dos pavim--------------------------------
  no        MX        MY        FZ               no        MX        MY        FZ               no        MX        MY        FZ
   5     -0.01     -0.01      0.52rot= 90.00     10      0.00     -0.03      0.34               15     -0.00     -0.02      0.15rot= 90.00   
   6      0.00      0.03      0.35               13      0.00      0.03      0.34               17      0.00      0.02      0.15rot= 90.00   
   8     -0.00     -0.00      0.07rot= 90.00     14      0.00      0.00      0.00               18      0.00      0.00      0.00
   9      0.00      0.00      0.00             

 SOMA REACOES      MX=        0.02 MY=        0.02 FZ=        1.94
 SOMA C. EXTERNAS FZ=       -1.94
--------------------------REACOES NOS APOIOS (Tf m) NC. 2   Peso Próprio------------------------------------------------------------
  no        MX        MY        FZ               no        MX        MY        FZ               no        MX        MY        FZ
   5     -0.00     -0.00      0.15rot= 90.00     10      0.00     -0.01      0.09               15     -0.00     -0.00      0.04rot= 90.00   
   6      0.00      0.01      0.09               13      0.00      0.01      0.09               17      0.00      0.00      0.04rot= 90.00   
   8     -0.00     -0.00      0.02rot= 90.00     14      0.00      0.00      0.00               18      0.00      0.00      0.00
   9      0.00      0.00      0.00             

 SOMA REACOES      MX=        0.00 MY=        0.01 FZ=        0.53
 SOMA C. EXTERNAS FZ=       -0.53
--------------------------REACOES NOS APOIOS (Tf m) NC. 3   Cargas permanentes------------------------------------------------------
  no        MX        MY        FZ               no        MX        MY        FZ               no        MX        MY        FZ
   5     -0.00     -0.01      0.28rot= 90.00     10      0.00     -0.02      0.19               15     -0.00     -0.01      0.08rot= 90.00   
   6      0.00      0.02      0.19               13      0.00      0.02      0.19               17      0.00      0.01      0.08rot= 90.00   
   8     -0.00     -0.00      0.04rot= 90.00     14      0.00      0.00      0.00               18      0.00      0.00      0.00
   9      0.00      0.00      0.00             

 SOMA REACOES      MX=        0.01 MY=        0.01 FZ=        1.06
 SOMA C. EXTERNAS FZ=       -1.06
--------------------------REACOES NOS APOIOS (Tf m) NC. 4   Cargas acidentais-------------------------------------------------------
  no        MX        MY        FZ               no        MX        MY        FZ               no        MX        MY        FZ
   5     -0.00     -0.00      0.09rot= 90.00     10      0.00     -0.01      0.06               15     -0.00     -0.00      0.03rot= 90.00   
   6      0.00      0.01      0.06               13      0.00      0.01      0.06               17      0.00      0.00      0.03rot= 90.00   
   8     -0.00     -0.00      0.01rot= 90.00     14      0.00      0.00      0.00               18      0.00      0.00      0.00
   9      0.00      0.00      0.00             

 SOMA REACOES      MX=        0.00 MY=        0.00 FZ=        0.35
 SOMA C. EXTERNAS FZ=       -0.35
--------------------------REACOES NOS APOIOS (Tf m) CB. 1   ELU/PERMAN/PP+PERM -----------------------------------------------------
  no        MX        MY        FZ               no        MX        MY        FZ               no        MX        MY        FZ
   5     -0.00     -0.01      0.43              10      0.00     -0.02      0.28              15     -0.00     -0.01      0.13
   6      0.00      0.02      0.29              13      0.00      0.02      0.28              17      0.00      0.01      0.13
   8     -0.00     -0.00      0.06              14      0.00      0.00      0.00              18      0.00      0.00      0.00
   9      0.00      0.00      0.00            
--------------------------REACOES NOS APOIOS (Tf m) CB. 2   ELU/PERMACID/PP+PERM+ACID ----------------------------------------------
  no        MX        MY        FZ               no        MX        MY        FZ               no        MX        MY        FZ
   5     -0.01     -0.01      0.52              10      0.00     -0.03      0.34              15     -0.00     -0.02      0.15
   6      0.00      0.03      0.35              13      0.00      0.03      0.34              17      0.00      0.02      0.15
   8     -0.00     -0.00      0.07              14      0.00      0.00      0.00              18      0.00      0.00      0.00
   9      0.00      0.00      0.00            
--------------------------REACOES NOS APOIOS (Tf m) CB. 3   FOGO/PERMVAR/PP+PERM+0.6ACID -------------------------------------------
  no        MX        MY        FZ               no        MX        MY        FZ               no        MX        MY        FZ
   5     -0.00     -0.01      0.49              10      0.00     -0.03      0.32              15     -0.00     -0.02      0.14
   6      0.00      0.03      0.33              13      0.00      0.03      0.32              17      0.00      0.02      0.14
   8     -0.00     -0.00      0.06              14      0.00      0.00      0.00              18      0.00      0.00      0.00
   9      0.00      0.00      0.00            


------------------------------------------------------------------------------------------------------------------------------------

 PROJETO  :    7     COBCXDAGUA                                          PAG.:        2
 ESTRUTURA:    7     Luana e Vitor                                       DATA: 12/ 6/021
 T Q S  INFORMATICA LTDA                         MIX - VERSAO 9.03       HORA:    13:23
====================================================================================================================================
 
--------------------------REACOES NOS APOIOS (Tf m) CB. 4   ELS/CFREQ/PP+PERM+0.7ACID ----------------------------------------------
  no        MX        MY        FZ               no        MX        MY        FZ               no        MX        MY        FZ
   5     -0.00     -0.01      0.50              10      0.00     -0.03      0.32              15     -0.00     -0.02      0.15
   6      0.00      0.03      0.33              13      0.00      0.03      0.32              17      0.00      0.02      0.15
   8     -0.00     -0.00      0.06              14      0.00      0.00      0.00              18      0.00      0.00      0.00
   9      0.00      0.00      0.00            
--------------------------REACOES NOS APOIOS (Tf m) CB. 5   ELS/CQPERM/PP+PERM+0.6ACID ---------------------------------------------
  no        MX        MY        FZ               no        MX        MY        FZ               no        MX        MY        FZ
   5     -0.00     -0.01      0.49              10      0.00     -0.03      0.32              15     -0.00     -0.02      0.14
   6      0.00      0.03      0.33              13      0.00      0.03      0.32              17      0.00      0.02      0.14
   8     -0.00     -0.00      0.06              14      0.00      0.00      0.00              18      0.00      0.00      0.00
   9      0.00      0.00      0.00            













































------------------------------------------------------------------------------------------------------------------------------------

