 PROJETO  :    6     TELHADO                                             PAG.:        1
 ESTRUTURA:    6     Luana e Vitor                                       DATA: 12/ 6/021
 T Q S  INFORMATICA LTDA                         MIX - VERSAO 9.03       HORA:    13:23
====================================================================================================================================
 
                                Modulo Grelha/Placa  MIX-TQS  -  Regiao de Interesse:  0
--------------------------REACOES NOS APOIOS (Tf m) NC. 1   Todas permanentes e acidentais dos pavim--------------------------------
  no        MX        MY        FZ               no        MX        MY        FZ               no        MX        MY        FZ
   6     -0.01      0.26      2.72rot= 90.00    187      0.04      4.46      8.49              396     -0.01     -0.09      2.49
  22      0.06     -0.32      4.24              306     -0.01      0.10     11.40              414     -0.13      0.02      1.35rot= 90.00   
  56     -0.00      0.46      1.36rot= 90.00    328     -0.01     -0.14      2.18              415      0.00      0.08      0.16rot=180.00   
  93     -0.00     -0.13      6.31              351      0.08     -0.08      0.78rot= 90.00    420     -0.09      0.02      0.40rot= 90.00   
 138     -0.02     -1.61      4.45rot= 90.00    352      0.01     -0.10      0.96rot= 90.00    421      0.00      0.00      0.00
 169     -0.00      0.01      0.81rot=270.00    364      0.03     -0.01      3.86rot= 90.00    422      0.00      0.00      0.00
 173      0.33      0.06      2.65rot= 90.00    378     -0.01      0.14      2.07             

 SOMA REACOES      MX=        1.05 MY=        4.15 FZ=       56.69
 SOMA C. EXTERNAS FZ=      -56.69
--------------------------REACOES NOS APOIOS (Tf m) NC. 2   Peso Próprio------------------------------------------------------------
  no        MX        MY        FZ               no        MX        MY        FZ               no        MX        MY        FZ
   6     -0.00      0.10      0.67rot= 90.00    187      0.03      1.95      3.25              396     -0.00     -0.03      0.55
  22      0.05     -0.13      1.69              306     -0.01      0.06      4.54              414     -0.02      0.01      0.51rot= 90.00   
  56     -0.00      0.14      0.20rot= 90.00    328     -0.00     -0.04      0.63              415     -0.00      0.02      0.05rot=180.00   
  93     -0.00     -0.06      2.93              351      0.06      0.05      0.75rot= 90.00    420     -0.02      0.00      0.09rot= 90.00   
 138     -0.01     -0.66      1.58rot= 90.00    352      0.01     -0.04      0.38rot= 90.00    421      0.00      0.00      0.00
 169     -0.00      0.01      0.29rot=270.00    364      0.01      0.01      1.33rot= 90.00    422      0.00      0.00      0.00
 173      0.15      0.00      0.96rot= 90.00    378     -0.00      0.04      0.59             

 SOMA REACOES      MX=        0.45 MY=        1.95 FZ=       20.98
 SOMA C. EXTERNAS FZ=      -20.98
--------------------------REACOES NOS APOIOS (Tf m) NC. 3   Cargas permanentes------------------------------------------------------
  no        MX        MY        FZ               no        MX        MY        FZ               no        MX        MY        FZ
   6     -0.01      0.12      1.98rot= 90.00    187     -0.01      1.56      3.94              396     -0.00     -0.05      1.83
  22     -0.02     -0.13      1.80              306     -0.00      0.02      5.01              414     -0.11      0.01      0.75rot= 90.00   
  56     -0.00      0.28      1.22rot= 90.00    328     -0.00     -0.08      1.23              415      0.00      0.07      0.10rot=180.00   
  93     -0.00     -0.03      1.93              351     -0.02     -0.15     -0.12rot= 90.00    420     -0.07      0.02      0.29rot= 90.00   
 138     -0.01     -0.73      2.39rot= 90.00    352      0.00     -0.04      0.38rot= 90.00    421      0.00      0.00      0.00
 169     -0.00     -0.02      0.34rot=270.00    364      0.01     -0.03      2.10rot= 90.00    422      0.00      0.00      0.00
 173      0.12      0.06      1.63rot= 90.00    378     -0.00      0.08      1.19             

 SOMA REACOES      MX=        0.40 MY=        1.22 FZ=       28.03
 SOMA C. EXTERNAS FZ=      -28.03
--------------------------REACOES NOS APOIOS (Tf m) NC. 4   Cargas acidentais-------------------------------------------------------
  no        MX        MY        FZ               no        MX        MY        FZ               no        MX        MY        FZ
   6     -0.00      0.04      0.08rot= 90.00    187      0.03      0.95      1.30              396     -0.00     -0.01      0.11
  22      0.04     -0.06      0.75              306     -0.00      0.03      1.85              414      0.00      0.00      0.08rot= 90.00   
  56     -0.00      0.03     -0.06rot= 90.00    328     -0.00     -0.02      0.31              415     -0.00      0.00      0.02rot=180.00   
  93     -0.00     -0.03      1.45              351      0.04      0.02      0.15rot= 90.00    420     -0.00      0.00      0.02rot= 90.00   
 138     -0.00     -0.22      0.48rot= 90.00    352      0.00     -0.02      0.19rot= 90.00    421      0.00      0.00      0.00
 169     -0.00      0.02      0.17rot=270.00    364      0.00      0.01      0.43rot= 90.00    422      0.00      0.00      0.00
 173      0.07     -0.00      0.05rot= 90.00    378     -0.00      0.02      0.29             

 SOMA REACOES      MX=        0.20 MY=        0.99 FZ=        7.68
 SOMA C. EXTERNAS FZ=       -7.68
--------------------------REACOES NOS APOIOS (Tf m) CB. 1   ELU/PERMAN/PP+PERM -----------------------------------------------------
  no        MX        MY        FZ               no        MX        MY        FZ               no        MX        MY        FZ
   6     -0.01      0.22      2.65             173      0.27      0.06      2.59             364      0.02     -0.02      3.43
  22      0.02     -0.26      3.49             187      0.02      3.52      7.20             378     -0.00      0.12      1.78
  56     -0.00      0.43      1.42             306     -0.01      0.07      9.55             396     -0.00     -0.08      2.38
  93     -0.00     -0.10      4.86             328     -0.01     -0.12      1.86             414     -0.13      0.02      1.27
 138     -0.02     -1.39      3.97             351      0.04     -0.10      0.63             415      0.00      0.08      0.14
 169     -0.00     -0.00      0.64             352      0.01     -0.08      0.76             420     -0.09      0.02      0.38
------------------------------------------------------------------------------------------------------------------------------------

 PROJETO  :    6     TELHADO                                             PAG.:        2
 ESTRUTURA:    6     Luana e Vitor                                       DATA: 12/ 6/021
 T Q S  INFORMATICA LTDA                         MIX - VERSAO 9.03       HORA:    13:23
====================================================================================================================================
 
--------------------------REACOES NOS APOIOS (Tf m) CB. 1   ELU/PERMAN/PP+PERM -----------------------------------------------------
  no        MX        MY        FZ               no        MX        MY        FZ               no        MX        MY        FZ
 421      0.00      0.00      0.00             422      0.00      0.00      0.00            
--------------------------REACOES NOS APOIOS (Tf m) CB. 2   ELU/PERMACID/PP+PERM+ACID ----------------------------------------------
  no        MX        MY        FZ               no        MX        MY        FZ               no        MX        MY        FZ
   6     -0.01      0.26      2.72             187      0.04      4.46      8.49             396     -0.01     -0.09      2.49
  22      0.06     -0.32      4.25             306     -0.01      0.10     11.40             414     -0.13      0.02      1.35
  56     -0.00      0.46      1.36             328     -0.01     -0.14      2.18             415      0.00      0.08      0.16
  93     -0.00     -0.13      6.31             351      0.08     -0.08      0.78             420     -0.09      0.02      0.40
 138     -0.02     -1.61      4.45             352      0.01     -0.10      0.96             421      0.00      0.00      0.00
 169     -0.00      0.01      0.81             364      0.03     -0.01      3.86             422      0.00      0.00      0.00
 173      0.33      0.06      2.64             378     -0.01      0.14      2.07            
--------------------------REACOES NOS APOIOS (Tf m) CB. 3   FOGO/PERMVAR/PP+PERM+0.6ACID -------------------------------------------
  no        MX        MY        FZ               no        MX        MY        FZ               no        MX        MY        FZ
   6     -0.01      0.25      2.69             187      0.03      4.08      7.98             396     -0.01     -0.08      2.44
  22      0.05     -0.29      3.95             306     -0.01      0.09     10.66             414     -0.13      0.02      1.32
  56     -0.00      0.45      1.38             328     -0.01     -0.13      2.05             415      0.00      0.08      0.16
  93     -0.00     -0.12      5.73             351      0.07     -0.09      0.72             420     -0.09      0.02      0.39
 138     -0.02     -1.52      4.26             352      0.01     -0.09      0.88             421      0.00      0.00      0.00
 169     -0.00      0.01      0.74             364      0.02     -0.01      3.69             422      0.00      0.00      0.00
 173      0.31      0.06      2.62             378     -0.00      0.13      1.96            
--------------------------REACOES NOS APOIOS (Tf m) CB. 4   ELS/CFREQ/PP+PERM+0.7ACID ----------------------------------------------
  no        MX        MY        FZ               no        MX        MY        FZ               no        MX        MY        FZ
   6     -0.01      0.25      2.70             187      0.04      4.18      8.11             396     -0.01     -0.08      2.46
  22      0.05     -0.30      4.02             306     -0.01      0.10     10.84             414     -0.13      0.02      1.32
  56     -0.00      0.45      1.38             328     -0.01     -0.14      2.08             415      0.00      0.08      0.16
  93     -0.00     -0.12      5.88             351      0.07     -0.09      0.74             420     -0.09      0.02      0.39
 138     -0.02     -1.54      4.31             352      0.01     -0.10      0.90             421      0.00      0.00      0.00
 169     -0.00      0.01      0.76             364      0.02     -0.01      3.73             422      0.00      0.00      0.00
 173      0.31      0.06      2.63             378     -0.00      0.13      1.99            
--------------------------REACOES NOS APOIOS (Tf m) CB. 5   ELS/CQPERM/PP+PERM+0.6ACID ---------------------------------------------
  no        MX        MY        FZ               no        MX        MY        FZ               no        MX        MY        FZ
   6     -0.01      0.25      2.69             187      0.03      4.08      7.98             396     -0.01     -0.08      2.44
  22      0.05     -0.29      3.95             306     -0.01      0.09     10.66             414     -0.13      0.02      1.32
  56     -0.00      0.45      1.38             328     -0.01     -0.13      2.05             415      0.00      0.08      0.16
  93     -0.00     -0.12      5.73             351      0.07     -0.09      0.72             420     -0.09      0.02      0.39
 138     -0.02     -1.52      4.26             352      0.01     -0.09      0.88             421      0.00      0.00      0.00
 169     -0.00      0.01      0.74             364      0.02     -0.01      3.69             422      0.00      0.00      0.00
 173      0.31      0.06      2.62             378     -0.00      0.13      1.96            


















------------------------------------------------------------------------------------------------------------------------------------

