 PROJETO  :    5     COBERTURA                                           PAG.:        1
 ESTRUTURA:    5     Luana e Vitor                                       DATA: 12/ 6/021
 T Q S  INFORMATICA LTDA                         MIX - VERSAO 9.03       HORA:    13:23
====================================================================================================================================
 
                                Modulo Grelha/Placa  MIX-TQS  -  Regiao de Interesse:  0
--------------------------REACOES NOS APOIOS (Tf m) NC. 1   Todas permanentes e acidentais dos pavim--------------------------------
  no        MX        MY        FZ               no        MX        MY        FZ               no        MX        MY        FZ
  19     -0.00     -0.03      0.82rot= 90.00    286     -0.00      0.17      5.27              532     -0.01      0.50      0.87rot=180.00   
  25      0.02     -0.01      1.34              306     -0.00      0.10      1.68rot= 90.00    556      0.02      0.51      0.93rot=180.00   
  75     -0.00     -0.04      0.45rot= 90.00    329      0.00      0.10      1.63              571     -1.54      0.10      7.87rot=180.00   
  89     -0.12     -0.01      6.72              330      0.00      0.02      0.17              601     -0.04     -0.35      3.71
 109     -0.02     -0.02      1.27rot=270.00    361      0.00     -0.10      3.56              747     -0.05     -0.02     -6.26rot= 90.00   
 112     -0.02      0.03      3.68              369     -0.02     -0.31     -0.15rot= 90.00    781     -0.06      3.09      9.16
 156     -0.03     -0.82      3.62rot= 90.00    383     -0.23     -0.06      1.00rot= 90.00    829     -0.01      0.24     14.56rot= 90.00   
 222     -0.00      0.28      1.28rot= 90.00    413     -0.04      0.27      0.52rot=180.00    847      0.13      0.08      2.06rot=180.00   
 243      0.02     -0.12      1.00rot= 90.00    415     -0.19      0.08      1.26rot= 90.00    852      0.00      0.00      0.09
 254      0.01     -0.01      3.71rot= 90.00    439      0.16     -0.12      1.22              853      0.00      0.00      0.00
 270      0.04     -0.00      1.40rot= 90.00    505     -0.57      0.26      3.53rot= 90.00    854      0.00      0.00      0.00
 271     -0.07      0.04      0.41rot=270.00    519     -0.02     -2.45      2.78rot= 90.00   

 SOMA REACOES      MX=        4.29 MY=        0.38 FZ=       81.15
 SOMA C. EXTERNAS FZ=      -81.15
--------------------------REACOES NOS APOIOS (Tf m) NC. 2   Peso Próprio------------------------------------------------------------
  no        MX        MY        FZ               no        MX        MY        FZ               no        MX        MY        FZ
  19     -0.00     -0.02      0.19rot= 90.00    286     -0.01      0.11      2.33              532     -0.00      0.16      0.30rot=180.00   
  25      0.01     -0.00      0.73              306     -0.00      0.05      0.52rot= 90.00    556      0.01      0.16      0.34rot=180.00   
  75     -0.00     -0.02      0.42rot= 90.00    329      0.00      0.03      0.57              571     -0.78      0.04      3.07rot=180.00   
  89     -0.04     -0.01      3.23              330      0.00      0.01      0.04              601     -0.01     -0.13      1.23
 109     -0.01     -0.03      0.56rot=270.00    361      0.00     -0.03      1.12              747      0.02     -0.01     -2.53rot= 90.00   
 112     -0.02      0.02      1.54              369     -0.01     -0.12     -0.09rot= 90.00    781     -0.03      1.24      3.29
 156     -0.01     -0.25      1.16rot= 90.00    383     -0.07     -0.05      0.65rot= 90.00    829      0.01      0.11      7.08rot= 90.00   
 222     -0.00      0.08      0.34rot= 90.00    413     -0.02      0.09      0.21rot=180.00    847      0.06      0.03      0.99rot=180.00   
 243      0.01     -0.04      0.32rot= 90.00    415     -0.06      0.03      0.38rot= 90.00    852      0.00      0.00      0.00
 254      0.00     -0.01      1.30rot= 90.00    439      0.07     -0.05      0.45              853      0.00      0.00      0.00
 270      0.04      0.00      0.50rot= 90.00    505     -0.18      0.13      1.48rot= 90.00    854      0.00      0.00      0.00
 271     -0.04      0.01      0.22rot=270.00    519     -0.01     -1.18      1.83rot= 90.00   

 SOMA REACOES      MX=        1.98 MY=        0.51 FZ=       33.76
 SOMA C. EXTERNAS FZ=      -33.76
--------------------------REACOES NOS APOIOS (Tf m) NC. 3   Cargas permanentes------------------------------------------------------
  no        MX        MY        FZ               no        MX        MY        FZ               no        MX        MY        FZ
  19     -0.00      0.02      0.78rot= 90.00    286      0.01     -0.00      2.07              532     -0.01      0.29      0.49rot=180.00   
  25      0.00     -0.00      0.47              306     -0.00      0.01      1.13rot= 90.00    556      0.01      0.30      0.50rot=180.00   
  75      0.00     -0.01     -0.06rot= 90.00    329      0.00      0.05      0.78              571     -0.45      0.04      3.98rot=180.00   
  89     -0.05      0.00      2.16              330      0.00      0.01      0.13              601     -0.03     -0.17      1.98
 109      0.00      0.02      0.56rot=270.00    361      0.00     -0.06      2.14              747     -0.12     -0.01     -2.64rot= 90.00   
 112      0.01      0.00      1.76              369     -0.01     -0.13      0.06rot= 90.00    781     -0.02      1.26      4.54
 156     -0.01     -0.56      2.22rot= 90.00    383     -0.14     -0.00      0.21rot= 90.00    829     -0.02      0.10      5.65rot= 90.00   
 222     -0.00      0.20      0.94rot= 90.00    413     -0.02      0.16      0.25rot=180.00    847      0.06      0.06      0.83rot=180.00   
 243      0.01     -0.06      0.56rot= 90.00    415     -0.11      0.04      0.82rot= 90.00    852      0.00      0.00      0.09
 254      0.00      0.01      1.79rot= 90.00    439      0.07     -0.04      0.58              853      0.00      0.00      0.00
 270     -0.02     -0.01      0.93rot= 90.00    505     -0.34      0.12      1.83rot= 90.00    854      0.00      0.00      0.00
 271     -0.01      0.03      0.10rot=270.00    519     -0.01     -0.78      0.35rot= 90.00   

 SOMA REACOES      MX=        1.51 MY=       -0.57 FZ=       37.95
 SOMA C. EXTERNAS FZ=      -37.95
--------------------------REACOES NOS APOIOS (Tf m) NC. 4   Cargas acidentais-------------------------------------------------------
  no        MX        MY        FZ               no        MX        MY        FZ               no        MX        MY        FZ
  19     -0.00     -0.02     -0.15rot= 90.00     89     -0.03     -0.01      1.32              156     -0.00     -0.01      0.24rot= 90.00   
  25      0.01     -0.00      0.14              109     -0.00     -0.01      0.15rot=270.00    222     -0.00     -0.00     -0.00rot= 90.00   
  75     -0.00     -0.00      0.09rot= 90.00    112     -0.01      0.00      0.39              243      0.00     -0.02      0.12rot= 90.00   
------------------------------------------------------------------------------------------------------------------------------------

 PROJETO  :    5     COBERTURA                                           PAG.:        2
 ESTRUTURA:    5     Luana e Vitor                                       DATA: 12/ 6/021
 T Q S  INFORMATICA LTDA                         MIX - VERSAO 9.03       HORA:    13:23
====================================================================================================================================
 
--------------------------REACOES NOS APOIOS (Tf m) NC. 4   Cargas acidentais-------------------------------------------------------
  no        MX        MY        FZ               no        MX        MY        FZ               no        MX        MY        FZ
 254      0.00     -0.01      0.62rot= 90.00    383     -0.02     -0.01      0.13rot= 90.00    601     -0.01     -0.06      0.51
 270      0.02      0.00     -0.02rot= 90.00    413     -0.00      0.02      0.05rot=180.00    747      0.04     -0.00     -1.08rot= 90.00   
 271     -0.02      0.00      0.09rot=270.00    415     -0.02      0.01      0.06rot= 90.00    781     -0.01      0.59      1.34
 286     -0.00      0.06      0.87              439      0.03     -0.02      0.20              829      0.01      0.03      1.83rot= 90.00   
 306     -0.00      0.03      0.03rot= 90.00    505     -0.06      0.01      0.23rot= 90.00    847      0.01     -0.00      0.24rot=180.00   
 329      0.00      0.02      0.29              519     -0.00     -0.49      0.58rot= 90.00    852      0.00      0.00      0.00
 330      0.00      0.00      0.01              532     -0.00      0.05      0.09rot=180.00    853      0.00      0.00      0.00
 361      0.00     -0.01      0.31              556      0.00      0.05      0.09rot=180.00    854      0.00      0.00      0.00
 369     -0.00     -0.05     -0.12rot= 90.00    571     -0.31      0.01      0.86rot=180.00   

 SOMA REACOES      MX=        0.79 MY=        0.42 FZ=        9.51
 SOMA C. EXTERNAS FZ=       -9.51
--------------------------REACOES NOS APOIOS (Tf m) CB. 1   ELU/PERMAN/PP+PERM -----------------------------------------------------
  no        MX        MY        FZ               no        MX        MY        FZ               no        MX        MY        FZ
  19     -0.00     -0.00      0.97             286      0.00      0.11      4.40             532     -0.01      0.45      0.78
  25      0.02     -0.01      1.20             306     -0.00      0.07      1.65             556      0.02      0.46      0.84
  75     -0.00     -0.03      0.36             329      0.00      0.08      1.35             571     -1.23      0.09      7.04
  89     -0.09     -0.01      5.39             330      0.00      0.02      0.16             601     -0.04     -0.30      3.20
 109     -0.01     -0.01      1.12             361      0.00     -0.09      3.26             747     -0.09     -0.02     -5.17
 112     -0.01      0.02      3.29             369     -0.01     -0.26     -0.03             781     -0.05      2.50      7.83
 156     -0.02     -0.81      3.38             383     -0.21     -0.05      0.86             829     -0.02      0.21     12.73
 222     -0.00      0.28      1.28             413     -0.03      0.25      0.46             847      0.11      0.09      1.82
 243      0.01     -0.10      0.88             415     -0.18      0.07      1.20             852      0.00      0.00      0.09
 254      0.01      0.00      3.09             439      0.13     -0.09      1.02             853      0.00      0.00      0.00
 270      0.02     -0.01      1.42             505     -0.52      0.25      3.31             854      0.00      0.00      0.00
 271     -0.05      0.03      0.32             519     -0.02     -1.96      2.18            
--------------------------REACOES NOS APOIOS (Tf m) CB. 2   ELU/PERMACID/PP+PERM+ACID ----------------------------------------------
  no        MX        MY        FZ               no        MX        MY        FZ               no        MX        MY        FZ
  19     -0.00     -0.03      0.82             286     -0.00      0.17      5.27             532     -0.01      0.50      0.87
  25      0.02     -0.01      1.34             306     -0.00      0.10      1.68             556      0.02      0.51      0.93
  75     -0.00     -0.04      0.45             329      0.00      0.10      1.63             571     -1.54      0.10      7.90
  89     -0.12     -0.01      6.72             330      0.00      0.02      0.17             601     -0.04     -0.35      3.71
 109     -0.02     -0.02      1.27             361      0.00     -0.10      3.57             747     -0.06     -0.02     -6.25
 112     -0.02      0.03      3.68             369     -0.02     -0.30     -0.15             781     -0.06      3.09      9.16
 156     -0.03     -0.82      3.62             383     -0.23     -0.06      1.00             829     -0.01      0.24     14.56
 222     -0.00      0.28      1.28             413     -0.04      0.27      0.52             847      0.13      0.08      2.06
 243      0.02     -0.12      1.00             415     -0.20      0.08      1.26             852      0.00      0.00      0.09
 254      0.01     -0.01      3.71             439      0.16     -0.11      1.22             853      0.00      0.00      0.00
 270      0.04     -0.00      1.40             505     -0.58      0.27      3.54             854      0.00      0.00      0.00
 271     -0.07      0.04      0.41             519     -0.02     -2.45      2.76            
--------------------------REACOES NOS APOIOS (Tf m) CB. 3   FOGO/PERMVAR/PP+PERM+0.6ACID -------------------------------------------
  no        MX        MY        FZ               no        MX        MY        FZ               no        MX        MY        FZ
  19     -0.00     -0.02      0.88             286     -0.00      0.15      4.92             532     -0.01      0.48      0.84
  25      0.02     -0.01      1.28             306     -0.00      0.09      1.67             556      0.02      0.49      0.90
  75     -0.00     -0.04      0.41             329      0.00      0.09      1.52             571     -1.42      0.10      7.56
  89     -0.11     -0.01      6.19             330      0.00      0.02      0.17             601     -0.04     -0.33      3.51
 109     -0.01     -0.02      1.21             361      0.00     -0.10      3.45             747     -0.07     -0.02     -5.82
 112     -0.02      0.03      3.53             369     -0.02     -0.29     -0.10             781     -0.06      2.85      8.63
 156     -0.02     -0.82      3.52             383     -0.22     -0.06      0.94             829     -0.01      0.23     13.83
 222     -0.00      0.28      1.28             413     -0.03      0.26      0.49             847      0.12      0.09      1.96
 243      0.02     -0.11      0.95             415     -0.19      0.08      1.24             852      0.00      0.00      0.09
 254      0.01     -0.00      3.46             439      0.15     -0.11      1.14             853      0.00      0.00      0.00
 270      0.03     -0.01      1.41             505     -0.55      0.26      3.45             854      0.00      0.00      0.00
 271     -0.06      0.04      0.37             519     -0.02     -2.26      2.53            

------------------------------------------------------------------------------------------------------------------------------------

 PROJETO  :    5     COBERTURA                                           PAG.:        3
 ESTRUTURA:    5     Luana e Vitor                                       DATA: 12/ 6/021
 T Q S  INFORMATICA LTDA                         MIX - VERSAO 9.03       HORA:    13:23
====================================================================================================================================
 
--------------------------REACOES NOS APOIOS (Tf m) CB. 4   ELS/CFREQ/PP+PERM+0.7ACID ----------------------------------------------
  no        MX        MY        FZ               no        MX        MY        FZ               no        MX        MY        FZ
  19     -0.00     -0.02      0.86             286     -0.00      0.15      5.01             532     -0.01      0.49      0.85
  25      0.02     -0.01      1.30             306     -0.00      0.09      1.67             556      0.02      0.49      0.90
  75     -0.00     -0.04      0.42             329      0.00      0.09      1.55             571     -1.45      0.10      7.64
  89     -0.11     -0.01      6.32             330      0.00      0.02      0.17             601     -0.04     -0.33      3.56
 109     -0.02     -0.02      1.23             361      0.00     -0.10      3.48             747     -0.07     -0.02     -5.93
 112     -0.02      0.03      3.57             369     -0.02     -0.29     -0.11             781     -0.06      2.91      8.76
 156     -0.02     -0.82      3.55             383     -0.22     -0.06      0.96             829     -0.01      0.24     14.01
 222     -0.00      0.28      1.28             413     -0.03      0.26      0.50             847      0.12      0.08      1.99
 243      0.02     -0.11      0.97             415     -0.19      0.08      1.24             852      0.00      0.00      0.09
 254      0.01     -0.00      3.52             439      0.15     -0.11      1.16             853      0.00      0.00      0.00
 270      0.03     -0.01      1.41             505     -0.56      0.26      3.47             854      0.00      0.00      0.00
 271     -0.06      0.04      0.38             519     -0.02     -2.30      2.59            
--------------------------REACOES NOS APOIOS (Tf m) CB. 5   ELS/CQPERM/PP+PERM+0.6ACID ---------------------------------------------
  no        MX        MY        FZ               no        MX        MY        FZ               no        MX        MY        FZ
  19     -0.00     -0.02      0.88             286     -0.00      0.15      4.92             532     -0.01      0.48      0.84
  25      0.02     -0.01      1.28             306     -0.00      0.09      1.67             556      0.02      0.49      0.90
  75     -0.00     -0.04      0.41             329      0.00      0.09      1.52             571     -1.42      0.10      7.56
  89     -0.11     -0.01      6.19             330      0.00      0.02      0.17             601     -0.04     -0.33      3.51
 109     -0.01     -0.02      1.21             361      0.00     -0.10      3.45             747     -0.07     -0.02     -5.82
 112     -0.02      0.03      3.53             369     -0.02     -0.29     -0.10             781     -0.06      2.85      8.63
 156     -0.02     -0.82      3.52             383     -0.22     -0.06      0.94             829     -0.01      0.23     13.83
 222     -0.00      0.28      1.28             413     -0.03      0.26      0.49             847      0.12      0.09      1.96
 243      0.02     -0.11      0.95             415     -0.19      0.08      1.24             852      0.00      0.00      0.09
 254      0.01     -0.00      3.46             439      0.15     -0.11      1.14             853      0.00      0.00      0.00
 270      0.03     -0.01      1.41             505     -0.55      0.26      3.45             854      0.00      0.00      0.00
 271     -0.06      0.04      0.37             519     -0.02     -2.26      2.53            





























------------------------------------------------------------------------------------------------------------------------------------

